// Vitest Snapshot v1, https://vitest.dev/guide/snapshot.html

exports[`Demo of all copomenents can be rendered > renders demo components 1`] = `
[
  <div
    className="_victoryBlack_254f4f"
  />,
  <div
    className="_victoryRed_254f4f"
  />,
  <div
    className="_playerStats_62927b _resourceBricks_62927b"
  >
    <div
      className="_row_62927b"
    >
      <div
        className="_iconWrapper_62927b"
      >
        <div
          className="_icon_62927b"
        >
          <img
            src="/src/assets/images/dashboard-icons/builders.png"
          />
        </div>
        <div
          className="_iconLabelCreators_62927b"
        >
          Stavitelé
        </div>
      </div>
      <div
        className="_valueWrapper_62927b"
      >
        <div
          className="_valueCreators_62927b"
        >
          2
        </div>
        <div
          className="_amountChange_62927b"
        >
          1
        </div>
      </div>
    </div>
    <div
      className="_row_62927b"
    >
      <div
        className="_iconWrapper_62927b"
      >
        <div
          className="_icon_62927b"
        >
          <img
            src="/src/assets/images/dashboard-icons/bricks.png"
          />
        </div>
        <div
          className="_iconLabel_62927b"
        >
          Cihly
        </div>
      </div>
      <div
        className="_valueWrapper_62927b"
      >
        8
        <div
          className="_amountChange_62927b"
        >
          -5
        </div>
      </div>
    </div>
  </div>,
  <div
    className="playerDashboard"
  >
    <div
      className="_badge_92ae0e "
    >
      Černí
    </div>
    <div
      className="_playerStats_62927b _resourceBricks_62927b"
    >
      <div
        className="_row_62927b"
      >
        <div
          className="_iconWrapper_62927b"
        >
          <div
            className="_icon_62927b"
          >
            <img
              src="/src/assets/images/dashboard-icons/builders.png"
            />
          </div>
          <div
            className="_iconLabelCreators_62927b"
          >
            Stavitelé
          </div>
        </div>
        <div
          className="_valueWrapper_62927b"
        >
          <div
            className="_valueCreators_62927b"
          >
            2
          </div>
        </div>
      </div>
      <div
        className="_row_62927b"
      >
        <div
          className="_iconWrapper_62927b"
        >
          <div
            className="_icon_62927b"
          >
            <img
              src="/src/assets/images/dashboard-icons/bricks.png"
            />
          </div>
          <div
            className="_iconLabel_62927b"
          >
            Cihly
          </div>
        </div>
        <div
          className="_valueWrapper_62927b"
        >
          10
        </div>
      </div>
    </div>
    <div
      className="_playerStats_62927b _resourceWeapons_62927b"
    >
      <div
        className="_row_62927b"
      >
        <div
          className="_iconWrapper_62927b"
        >
          <div
            className="_icon_62927b"
          >
            <img
              src="/src/assets/images/dashboard-icons/soldiers.png"
            />
          </div>
          <div
            className="_iconLabelCreators_62927b"
          >
            Vojáci
          </div>
        </div>
        <div
          className="_valueWrapper_62927b"
        >
          <div
            className="_valueCreators_62927b"
          >
            2
          </div>
        </div>
      </div>
      <div
        className="_row_62927b"
      >
        <div
          className="_iconWrapper_62927b"
        >
          <div
            className="_icon_62927b"
          >
            <img
              src="/src/assets/images/dashboard-icons/weapons.png"
            />
          </div>
          <div
            className="_iconLabel_62927b"
          >
            Zbraně
          </div>
        </div>
        <div
          className="_valueWrapper_62927b"
        >
          10
        </div>
      </div>
    </div>
    <div
      className="_playerStats_62927b _resourceCrystals_62927b"
    >
      <div
        className="_row_62927b"
      >
        <div
          className="_iconWrapper_62927b"
        >
          <div
            className="_icon_62927b"
          >
            <img
              src="/src/assets/images/dashboard-icons/mages.png"
            />
          </div>
          <div
            className="_iconLabelCreators_62927b"
          >
            Mágové
          </div>
        </div>
        <div
          className="_valueWrapper_62927b"
        >
          <div
            className="_valueCreators_62927b"
          >
            2
          </div>
        </div>
      </div>
      <div
        className="_row_62927b"
      >
        <div
          className="_iconWrapper_62927b"
        >
          <div
            className="_icon_62927b"
          >
            <img
              src="/src/assets/images/dashboard-icons/crystals.png"
            />
          </div>
          <div
            className="_iconLabel_62927b"
          >
            Krystaly
          </div>
        </div>
        <div
          className="_valueWrapper_62927b"
        >
          10
        </div>
      </div>
    </div>
    <br />
    <div
      className="_playerStats_62927b _resourceCastle_62927b"
    >
      <div
        className="_row_62927b"
      >
        <div
          className="_iconWrapper_62927b"
        >
          <div
            className="_icon_62927b"
          >
            <img
              src="/src/assets/images/dashboard-icons/castle.png"
            />
          </div>
          <div
            className="_iconLabel_62927b"
          >
            Hrad
          </div>
        </div>
        <div
          className="_valueWrapper_62927b"
        >
          30
        </div>
      </div>
      <div
        className="_row_62927b"
      >
        <div
          className="_iconWrapper_62927b"
        >
          <div
            className="_icon_62927b"
          >
            <img
              src="/src/assets/images/dashboard-icons/wall.png"
            />
          </div>
          <div
            className="_iconLabel_62927b"
          >
            Hradba
          </div>
        </div>
        <div
          className="_valueWrapper_62927b"
        >
          20
        </div>
      </div>
    </div>
  </div>,
  <hr />,
  <div
    className="_flagBlack_4fd5bf"
  />,
  <div
    className="_flagRed_4fd5bf"
  />,
  <div
    className="_badge_92ae0e _badgeActive_92ae0e"
  >
    Černí
  </div>,
  <div
    className="_badge_92ae0e _badgeActive_92ae0e"
  >
    Červení
  </div>,
  <hr />,
  <div
    className="_wrapper_7c0801"
  >
    <div
      className="_label_7c0801"
    >
      Odloženo
    </div>
    <div
      className="_cardDiscarded_7c0801"
    >
      <div
        className="_card_fc19cf _cardBuilding_fc19cf"
      >
        <div
          className="_resourceIcon_fc19cf"
        >
          <img
            src="/src/assets/images/dashboard-icons/bricks.png"
          />
        </div>
        <div
          className="_resourceAmount_fc19cf"
        >
          39
        </div>
        <div
          className="_cardNameWrapper_fc19cf"
        >
          <h1
            className="_cardName_fc19cf"
          >
            Babylon
          </h1>
        </div>
        <div
          className="_cardImage_fc19cf"
          style={
            {
              "backgroundImage": "url(\\"/src/assets/images/cards/babylon.png\\")",
            }
          }
        />
        <div
          className="_description_fc19cf"
        >
          Hrad +32
        </div>
      </div>
    </div>
  </div>,
  <hr />,
  <div
    className="_cardBack_29c288"
  />,
  <div
    className="_newCard_29c288"
    onTransitionEnd={[Function]}
    style={
      {
        "left": 0,
        "top": 0,
      }
    }
  >
    <div
      className="_card_fc19cf _cardBuilding_fc19cf"
    >
      <div
        className="_resourceIcon_fc19cf"
      >
        <img
          src="/src/assets/images/dashboard-icons/bricks.png"
        />
      </div>
      <div
        className="_resourceAmount_fc19cf"
      >
        3
      </div>
      <div
        className="_cardNameWrapper_fc19cf"
      >
        <h1
          className="_cardName_fc19cf"
        >
          Obrana
        </h1>
      </div>
      <div
        className="_cardImage_fc19cf"
        style={
          {
            "backgroundImage": "url(\\"/src/assets/images/cards/defense.png\\")",
          }
        }
      />
      <div
        className="_description_fc19cf"
      >
        Zeď +6
      </div>
    </div>
  </div>,
  <hr />,
  <div
    style={
      {
        "display": "inline-block",
      }
    }
  >
    <div
      className="_card_fc19cf _cardBuilding_fc19cf"
    >
      <div
        className="_resourceIcon_fc19cf"
      >
        <img
          src="/src/assets/images/dashboard-icons/bricks.png"
        />
      </div>
      <div
        className="_resourceAmount_fc19cf"
      >
        1
      </div>
      <div
        className="_cardNameWrapper_fc19cf"
      >
        <h1
          className="_cardName_fc19cf"
        >
          Zeď
        </h1>
      </div>
      <div
        className="_cardImage_fc19cf"
        style={
          {
            "backgroundImage": "url(\\"/src/assets/images/cards/wall.png\\")",
          }
        }
      />
      <div
        className="_description_fc19cf"
      >
        Zeď +3
      </div>
    </div>
  </div>,
  <div
    style={
      {
        "display": "inline-block",
      }
    }
  >
    <div
      className="_card_fc19cf _cardBuilding_fc19cf"
    >
      <div
        className="_resourceIcon_fc19cf"
      >
        <img
          src="/src/assets/images/dashboard-icons/bricks.png"
        />
      </div>
      <div
        className="_resourceAmount_fc19cf"
      >
        1
      </div>
      <div
        className="_cardNameWrapper_fc19cf"
      >
        <h1
          className="_cardName_fc19cf"
        >
          Základy
        </h1>
      </div>
      <div
        className="_cardImage_fc19cf"
        style={
          {
            "backgroundImage": "url(\\"/src/assets/images/cards/foundations.png\\")",
          }
        }
      />
      <div
        className="_description_fc19cf"
      >
        Hrad +2
      </div>
    </div>
  </div>,
  <div
    style={
      {
        "display": "inline-block",
      }
    }
  >
    <div
      className="_card_fc19cf _cardBuilding_fc19cf"
    >
      <div
        className="_resourceIcon_fc19cf"
      >
        <img
          src="/src/assets/images/dashboard-icons/bricks.png"
        />
      </div>
      <div
        className="_resourceAmount_fc19cf"
      >
        3
      </div>
      <div
        className="_cardNameWrapper_fc19cf"
      >
        <h1
          className="_cardName_fc19cf"
        >
          Obrana
        </h1>
      </div>
      <div
        className="_cardImage_fc19cf"
        style={
          {
            "backgroundImage": "url(\\"/src/assets/images/cards/defense.png\\")",
          }
        }
      />
      <div
        className="_description_fc19cf"
      >
        Zeď +6
      </div>
    </div>
  </div>,
  <div
    style={
      {
        "display": "inline-block",
      }
    }
  >
    <div
      className="_card_fc19cf _cardBuilding_fc19cf"
    >
      <div
        className="_resourceIcon_fc19cf"
      >
        <img
          src="/src/assets/images/dashboard-icons/bricks.png"
        />
      </div>
      <div
        className="_resourceAmount_fc19cf"
      >
        3
      </div>
      <div
        className="_cardNameWrapper_fc19cf"
      >
        <h1
          className="_cardName_fc19cf"
        >
          Rezervy
        </h1>
      </div>
      <div
        className="_cardImage_fc19cf"
        style={
          {
            "backgroundImage": "url(\\"/src/assets/images/cards/reserve.png\\")",
          }
        }
      />
      <div
        className="_description_fc19cf"
      >
        Hrad +8, Zeď -4
      </div>
    </div>
  </div>,
  <div
    style={
      {
        "display": "inline-block",
      }
    }
  >
    <div
      className="_card_fc19cf _cardBuilding_fc19cf"
    >
      <div
        className="_resourceIcon_fc19cf"
      >
        <img
          src="/src/assets/images/dashboard-icons/bricks.png"
        />
      </div>
      <div
        className="_resourceAmount_fc19cf"
      >
        5
      </div>
      <div
        className="_cardNameWrapper_fc19cf"
      >
        <h1
          className="_cardName_fc19cf"
        >
          Věž
        </h1>
      </div>
      <div
        className="_cardImage_fc19cf"
        style={
          {
            "backgroundImage": "url(\\"/src/assets/images/cards/tower.png\\")",
          }
        }
      />
      <div
        className="_description_fc19cf"
      >
        Hrad +5
      </div>
    </div>
  </div>,
  <div
    style={
      {
        "display": "inline-block",
      }
    }
  >
    <div
      className="_card_fc19cf _cardBuilding_fc19cf"
    >
      <div
        className="_resourceIcon_fc19cf"
      >
        <img
          src="/src/assets/images/dashboard-icons/bricks.png"
        />
      </div>
      <div
        className="_resourceAmount_fc19cf"
      >
        8
      </div>
      <div
        className="_cardNameWrapper_fc19cf"
      >
        <h1
          className="_cardName_fc19cf"
        >
          Škola
        </h1>
      </div>
      <div
        className="_cardImage_fc19cf"
        style={
          {
            "backgroundImage": "url(\\"/src/assets/images/cards/school.png\\")",
          }
        }
      />
      <div
        className="_description_fc19cf"
      >
        Stavitelé +1
      </div>
    </div>
  </div>,
  <div
    style={
      {
        "display": "inline-block",
      }
    }
  >
    <div
      className="_card_fc19cf _cardBuilding_fc19cf"
    >
      <div
        className="_resourceIcon_fc19cf"
      >
        <img
          src="/src/assets/images/dashboard-icons/bricks.png"
        />
      </div>
      <div
        className="_resourceAmount_fc19cf"
      >
        10
      </div>
      <div
        className="_cardNameWrapper_fc19cf"
      >
        <h1
          className="_cardName_fc19cf"
        >
          Povoz
        </h1>
      </div>
      <div
        className="_cardImage_fc19cf"
        style={
          {
            "backgroundImage": "url(\\"/src/assets/images/cards/wain.png\\")",
          }
        }
      />
      <div
        className="_description_fc19cf"
      >
        Hrad +8, hrad soupeře -4
      </div>
    </div>
  </div>,
  <div
    style={
      {
        "display": "inline-block",
      }
    }
  >
    <div
      className="_card_fc19cf _cardBuilding_fc19cf"
    >
      <div
        className="_resourceIcon_fc19cf"
      >
        <img
          src="/src/assets/images/dashboard-icons/bricks.png"
        />
      </div>
      <div
        className="_resourceAmount_fc19cf"
      >
        12
      </div>
      <div
        className="_cardNameWrapper_fc19cf"
      >
        <h1
          className="_cardName_fc19cf"
        >
          Hradba
        </h1>
      </div>
      <div
        className="_cardImage_fc19cf"
        style={
          {
            "backgroundImage": "url(\\"/src/assets/images/cards/fence.png\\")",
          }
        }
      />
      <div
        className="_description_fc19cf"
      >
        Zeď +22
      </div>
    </div>
  </div>,
  <div
    style={
      {
        "display": "inline-block",
      }
    }
  >
    <div
      className="_card_fc19cf _cardBuilding_fc19cf"
    >
      <div
        className="_resourceIcon_fc19cf"
      >
        <img
          src="/src/assets/images/dashboard-icons/bricks.png"
        />
      </div>
      <div
        className="_resourceAmount_fc19cf"
      >
        18
      </div>
      <div
        className="_cardNameWrapper_fc19cf"
      >
        <h1
          className="_cardName_fc19cf"
        >
          Pevnost
        </h1>
      </div>
      <div
        className="_cardImage_fc19cf"
        style={
          {
            "backgroundImage": "url(\\"/src/assets/images/cards/fort.png\\")",
          }
        }
      />
      <div
        className="_description_fc19cf"
      >
        Hrad +20
      </div>
    </div>
  </div>,
  <div
    style={
      {
        "display": "inline-block",
      }
    }
  >
    <div
      className="_card_fc19cf _cardBuilding_fc19cf"
    >
      <div
        className="_resourceIcon_fc19cf"
      >
        <img
          src="/src/assets/images/dashboard-icons/bricks.png"
        />
      </div>
      <div
        className="_resourceAmount_fc19cf"
      >
        39
      </div>
      <div
        className="_cardNameWrapper_fc19cf"
      >
        <h1
          className="_cardName_fc19cf"
        >
          Babylon
        </h1>
      </div>
      <div
        className="_cardImage_fc19cf"
        style={
          {
            "backgroundImage": "url(\\"/src/assets/images/cards/babylon.png\\")",
          }
        }
      />
      <div
        className="_description_fc19cf"
      >
        Hrad +32
      </div>
    </div>
  </div>,
  <div
    style={
      {
        "display": "inline-block",
      }
    }
  >
    <div
      className="_card_fc19cf _cardArmy_fc19cf"
    >
      <div
        className="_resourceIcon_fc19cf"
      >
        <img
          src="/src/assets/images/dashboard-icons/weapons.png"
        />
      </div>
      <div
        className="_resourceAmount_fc19cf"
      >
        1
      </div>
      <div
        className="_cardNameWrapper_fc19cf"
      >
        <h1
          className="_cardName_fc19cf"
        >
          Střelec
        </h1>
      </div>
      <div
        className="_cardImage_fc19cf"
        style={
          {
            "backgroundImage": "url(\\"/src/assets/images/cards/archer.png\\")",
          }
        }
      />
      <div
        className="_description_fc19cf"
      >
        Útok 2
      </div>
    </div>
  </div>,
  <div
    style={
      {
        "display": "inline-block",
      }
    }
  >
    <div
      className="_card_fc19cf _cardArmy_fc19cf"
    >
      <div
        className="_resourceIcon_fc19cf"
      >
        <img
          src="/src/assets/images/dashboard-icons/weapons.png"
        />
      </div>
      <div
        className="_resourceAmount_fc19cf"
      >
        2
      </div>
      <div
        className="_cardNameWrapper_fc19cf"
      >
        <h1
          className="_cardName_fc19cf"
        >
          Rytíř
        </h1>
      </div>
      <div
        className="_cardImage_fc19cf"
        style={
          {
            "backgroundImage": "url(\\"/src/assets/images/cards/knight.png\\")",
          }
        }
      />
      <div
        className="_description_fc19cf"
      >
        Útok 3
      </div>
    </div>
  </div>,
  <div
    style={
      {
        "display": "inline-block",
      }
    }
  >
    <div
      className="_card_fc19cf _cardArmy_fc19cf"
    >
      <div
        className="_resourceIcon_fc19cf"
      >
        <img
          src="/src/assets/images/dashboard-icons/weapons.png"
        />
      </div>
      <div
        className="_resourceAmount_fc19cf"
      >
        2
      </div>
      <div
        className="_cardNameWrapper_fc19cf"
      >
        <h1
          className="_cardName_fc19cf"
        >
          Jezdec
        </h1>
      </div>
      <div
        className="_cardImage_fc19cf"
        style={
          {
            "backgroundImage": "url(\\"/src/assets/images/cards/rider.png\\")",
          }
        }
      />
      <div
        className="_description_fc19cf"
      >
        Útok 4
      </div>
    </div>
  </div>,
  <div
    style={
      {
        "display": "inline-block",
      }
    }
  >
    <div
      className="_card_fc19cf _cardArmy_fc19cf"
    >
      <div
        className="_resourceIcon_fc19cf"
      >
        <img
          src="/src/assets/images/dashboard-icons/weapons.png"
        />
      </div>
      <div
        className="_resourceAmount_fc19cf"
      >
        4
      </div>
      <div
        className="_cardNameWrapper_fc19cf"
      >
        <h1
          className="_cardName_fc19cf"
        >
          Četa
        </h1>
      </div>
      <div
        className="_cardImage_fc19cf"
        style={
          {
            "backgroundImage": "url(\\"/src/assets/images/cards/platoon.png\\")",
          }
        }
      />
      <div
        className="_description_fc19cf"
      >
        Útok 6
      </div>
    </div>
  </div>,
  <div
    style={
      {
        "display": "inline-block",
      }
    }
  >
    <div
      className="_card_fc19cf _cardArmy_fc19cf"
    >
      <div
        className="_resourceIcon_fc19cf"
      >
        <img
          src="/src/assets/images/dashboard-icons/weapons.png"
        />
      </div>
      <div
        className="_resourceAmount_fc19cf"
      >
        8
      </div>
      <div
        className="_cardNameWrapper_fc19cf"
      >
        <h1
          className="_cardName_fc19cf"
        >
          Nábor
        </h1>
      </div>
      <div
        className="_cardImage_fc19cf"
        style={
          {
            "backgroundImage": "url(\\"/src/assets/images/cards/recruit.png\\")",
          }
        }
      />
      <div
        className="_description_fc19cf"
      >
        Vojáci +1
      </div>
    </div>
  </div>,
  <div
    style={
      {
        "display": "inline-block",
      }
    }
  >
    <div
      className="_card_fc19cf _cardArmy_fc19cf"
    >
      <div
        className="_resourceIcon_fc19cf"
      >
        <img
          src="/src/assets/images/dashboard-icons/weapons.png"
        />
      </div>
      <div
        className="_resourceAmount_fc19cf"
      >
        10
      </div>
      <div
        className="_cardNameWrapper_fc19cf"
      >
        <h1
          className="_cardName_fc19cf"
        >
          Zteč
        </h1>
      </div>
      <div
        className="_cardImage_fc19cf"
        style={
          {
            "backgroundImage": "url(\\"/src/assets/images/cards/attack.png\\")",
          }
        }
      />
      <div
        className="_description_fc19cf"
      >
        Útok 12
      </div>
    </div>
  </div>,
  <div
    style={
      {
        "display": "inline-block",
      }
    }
  >
    <div
      className="_card_fc19cf _cardArmy_fc19cf"
    >
      <div
        className="_resourceIcon_fc19cf"
      >
        <img
          src="/src/assets/images/dashboard-icons/weapons.png"
        />
      </div>
      <div
        className="_resourceAmount_fc19cf"
      >
        12
      </div>
      <div
        className="_cardNameWrapper_fc19cf"
      >
        <h1
          className="_cardName_fc19cf"
        >
          Sabotér
        </h1>
      </div>
      <div
        className="_cardImage_fc19cf"
        style={
          {
            "backgroundImage": "url(\\"/src/assets/images/cards/saboteur.png\\")",
          }
        }
      />
      <div
        className="_description_fc19cf"
      >
        Zásoby soupeře -4
      </div>
    </div>
  </div>,
  <div
    style={
      {
        "display": "inline-block",
      }
    }
  >
    <div
      className="_card_fc19cf _cardArmy_fc19cf"
    >
      <div
        className="_resourceIcon_fc19cf"
      >
        <img
          src="/src/assets/images/dashboard-icons/weapons.png"
        />
      </div>
      <div
        className="_resourceAmount_fc19cf"
      >
        15
      </div>
      <div
        className="_cardNameWrapper_fc19cf"
      >
        <h1
          className="_cardName_fc19cf"
        >
          Zloděj
        </h1>
      </div>
      <div
        className="_cardImage_fc19cf"
        style={
          {
            "backgroundImage": "url(\\"/src/assets/images/cards/thief.png\\")",
          }
        }
      />
      <div
        className="_description_fc19cf"
      >
        Převod zásob soupeře 5
      </div>
    </div>
  </div>,
  <div
    style={
      {
        "display": "inline-block",
      }
    }
  >
    <div
      className="_card_fc19cf _cardArmy_fc19cf"
    >
      <div
        className="_resourceIcon_fc19cf"
      >
        <img
          src="/src/assets/images/dashboard-icons/weapons.png"
        />
      </div>
      <div
        className="_resourceAmount_fc19cf"
      >
        18
      </div>
      <div
        className="_cardNameWrapper_fc19cf"
      >
        <h1
          className="_cardName_fc19cf"
        >
          SWAT
        </h1>
      </div>
      <div
        className="_cardImage_fc19cf"
        style={
          {
            "backgroundImage": "url(\\"/src/assets/images/cards/SWAT.png\\")",
          }
        }
      />
      <div
        className="_description_fc19cf"
      >
        Hrad soupeře -10
      </div>
    </div>
  </div>,
  <div
    style={
      {
        "display": "inline-block",
      }
    }
  >
    <div
      className="_card_fc19cf _cardArmy_fc19cf"
    >
      <div
        className="_resourceIcon_fc19cf"
      >
        <img
          src="/src/assets/images/dashboard-icons/weapons.png"
        />
      </div>
      <div
        className="_resourceAmount_fc19cf"
      >
        28
      </div>
      <div
        className="_cardNameWrapper_fc19cf"
      >
        <h1
          className="_cardName_fc19cf"
        >
          Smrtka
        </h1>
      </div>
      <div
        className="_cardImage_fc19cf"
        style={
          {
            "backgroundImage": "url(\\"/src/assets/images/cards/Banshee.png\\")",
          }
        }
      />
      <div
        className="_description_fc19cf"
      >
        Útok 32
      </div>
    </div>
  </div>,
  <div
    style={
      {
        "display": "inline-block",
      }
    }
  >
    <div
      className="_card_fc19cf _cardMagic_fc19cf"
    >
      <div
        className="_resourceIcon_fc19cf"
      >
        <img
          src="/src/assets/images/dashboard-icons/crystals.png"
        />
      </div>
      <div
        className="_resourceAmount_fc19cf"
      >
        8
      </div>
      <div
        className="_cardNameWrapper_fc19cf"
      >
        <h1
          className="_cardName_fc19cf"
        >
          Čaruj cihly
        </h1>
      </div>
      <div
        className="_cardImage_fc19cf"
        style={
          {
            "backgroundImage": "url(\\"/src/assets/images/cards/conjureBricks.png\\")",
          }
        }
      />
      <div
        className="_description_fc19cf"
      >
        Cihly +8
      </div>
    </div>
  </div>,
  <div
    style={
      {
        "display": "inline-block",
      }
    }
  >
    <div
      className="_card_fc19cf _cardMagic_fc19cf"
    >
      <div
        className="_resourceIcon_fc19cf"
      >
        <img
          src="/src/assets/images/dashboard-icons/crystals.png"
        />
      </div>
      <div
        className="_resourceAmount_fc19cf"
      >
        8
      </div>
      <div
        className="_cardNameWrapper_fc19cf"
      >
        <h1
          className="_cardName_fc19cf"
        >
          Znič cihly
        </h1>
      </div>
      <div
        className="_cardImage_fc19cf"
        style={
          {
            "backgroundImage": "url(\\"/src/assets/images/cards/destroyBricks.png\\")",
          }
        }
      />
      <div
        className="_description_fc19cf"
      >
        Cihly soupeře -8
      </div>
    </div>
  </div>,
  <div
    style={
      {
        "display": "inline-block",
      }
    }
  >
    <div
      className="_card_fc19cf _cardMagic_fc19cf"
    >
      <div
        className="_resourceIcon_fc19cf"
      >
        <img
          src="/src/assets/images/dashboard-icons/crystals.png"
        />
      </div>
      <div
        className="_resourceAmount_fc19cf"
      >
        8
      </div>
      <div
        className="_cardNameWrapper_fc19cf"
      >
        <h1
          className="_cardName_fc19cf"
        >
          Čaruj zbraně
        </h1>
      </div>
      <div
        className="_cardImage_fc19cf"
        style={
          {
            "backgroundImage": "url(\\"/src/assets/images/cards/conjureWeapons.png\\")",
          }
        }
      />
      <div
        className="_description_fc19cf"
      >
        Zbraně +8
      </div>
    </div>
  </div>,
  <div
    style={
      {
        "display": "inline-block",
      }
    }
  >
    <div
      className="_card_fc19cf _cardMagic_fc19cf"
    >
      <div
        className="_resourceIcon_fc19cf"
      >
        <img
          src="/src/assets/images/dashboard-icons/crystals.png"
        />
      </div>
      <div
        className="_resourceAmount_fc19cf"
      >
        8
      </div>
      <div
        className="_cardNameWrapper_fc19cf"
      >
        <h1
          className="_cardName_fc19cf"
        >
          Znič zbraně
        </h1>
      </div>
      <div
        className="_cardImage_fc19cf"
        style={
          {
            "backgroundImage": "url(\\"/src/assets/images/cards/destroyWeapons.png\\")",
          }
        }
      />
      <div
        className="_description_fc19cf"
      >
        Zbraně soupeře -8
      </div>
    </div>
  </div>,
  <div
    style={
      {
        "display": "inline-block",
      }
    }
  >
    <div
      className="_card_fc19cf _cardMagic_fc19cf"
    >
      <div
        className="_resourceIcon_fc19cf"
      >
        <img
          src="/src/assets/images/dashboard-icons/crystals.png"
        />
      </div>
      <div
        className="_resourceAmount_fc19cf"
      >
        4
      </div>
      <div
        className="_cardNameWrapper_fc19cf"
      >
        <h1
          className="_cardName_fc19cf"
        >
          Čaruj krystaly
        </h1>
      </div>
      <div
        className="_cardImage_fc19cf"
        style={
          {
            "backgroundImage": "url(\\"/src/assets/images/cards/conjureCrystals.png\\")",
          }
        }
      />
      <div
        className="_description_fc19cf"
      >
        Krystaly +8
      </div>
    </div>
  </div>,
  <div
    style={
      {
        "display": "inline-block",
      }
    }
  >
    <div
      className="_card_fc19cf _cardMagic_fc19cf"
    >
      <div
        className="_resourceIcon_fc19cf"
      >
        <img
          src="/src/assets/images/dashboard-icons/crystals.png"
        />
      </div>
      <div
        className="_resourceAmount_fc19cf"
      >
        4
      </div>
      <div
        className="_cardNameWrapper_fc19cf"
      >
        <h1
          className="_cardName_fc19cf"
        >
          Znič krystaly
        </h1>
      </div>
      <div
        className="_cardImage_fc19cf"
        style={
          {
            "backgroundImage": "url(\\"/src/assets/images/cards/destroyCrystals.png\\")",
          }
        }
      />
      <div
        className="_description_fc19cf"
      >
        Krystaly soupeře -8
      </div>
    </div>
  </div>,
  <div
    style={
      {
        "display": "inline-block",
      }
    }
  >
    <div
      className="_card_fc19cf _cardMagic_fc19cf"
    >
      <div
        className="_resourceIcon_fc19cf"
      >
        <img
          src="/src/assets/images/dashboard-icons/crystals.png"
        />
      </div>
      <div
        className="_resourceAmount_fc19cf"
      >
        8
      </div>
      <div
        className="_cardNameWrapper_fc19cf"
      >
        <h1
          className="_cardName_fc19cf"
        >
          Čaroděj
        </h1>
      </div>
      <div
        className="_cardImage_fc19cf"
        style={
          {
            "backgroundImage": "url(\\"/src/assets/images/cards/sorcerer.png\\")",
          }
        }
      />
      <div
        className="_description_fc19cf"
      >
        Mágové +1
      </div>
    </div>
  </div>,
  <div
    style={
      {
        "display": "inline-block",
      }
    }
  >
    <div
      className="_card_fc19cf _cardMagic_fc19cf"
    >
      <div
        className="_resourceIcon_fc19cf"
      >
        <img
          src="/src/assets/images/dashboard-icons/crystals.png"
        />
      </div>
      <div
        className="_resourceAmount_fc19cf"
      >
        21
      </div>
      <div
        className="_cardNameWrapper_fc19cf"
      >
        <h1
          className="_cardName_fc19cf"
        >
          Drak
        </h1>
      </div>
      <div
        className="_cardImage_fc19cf"
        style={
          {
            "backgroundImage": "url(\\"/src/assets/images/cards/dragon.png\\")",
          }
        }
      />
      <div
        className="_description_fc19cf"
      >
        Útok 25
      </div>
    </div>
  </div>,
  <div
    style={
      {
        "display": "inline-block",
      }
    }
  >
    <div
      className="_card_fc19cf _cardMagic_fc19cf"
    >
      <div
        className="_resourceIcon_fc19cf"
      >
        <img
          src="/src/assets/images/dashboard-icons/crystals.png"
        />
      </div>
      <div
        className="_resourceAmount_fc19cf"
      >
        22
      </div>
      <div
        className="_cardNameWrapper_fc19cf"
      >
        <h1
          className="_cardName_fc19cf"
        >
          Skřítci
        </h1>
      </div>
      <div
        className="_cardImage_fc19cf"
        style={
          {
            "backgroundImage": "url(\\"/src/assets/images/cards/pixies.png\\")",
          }
        }
      />
      <div
        className="_description_fc19cf"
      >
        Hrad +22
      </div>
    </div>
  </div>,
  <div
    style={
      {
        "display": "inline-block",
      }
    }
  >
    <div
      className="_card_fc19cf _cardMagic_fc19cf"
    >
      <div
        className="_resourceIcon_fc19cf"
      >
        <img
          src="/src/assets/images/dashboard-icons/crystals.png"
        />
      </div>
      <div
        className="_resourceAmount_fc19cf"
      >
        25
      </div>
      <div
        className="_cardNameWrapper_fc19cf"
      >
        <h1
          className="_cardName_fc19cf"
        >
          Kletba
        </h1>
      </div>
      <div
        className="_cardImage_fc19cf"
        style={
          {
            "backgroundImage": "url(\\"/src/assets/images/cards/curse.png\\")",
          }
        }
      />
      <div
        className="_description_fc19cf"
      >
        Vše +1, vše soupeře -1
      </div>
    </div>
  </div>,
  <hr />,
  <div
    className="_playerStats_62927b _resourceBricks_62927b"
  >
    <div
      className="_row_62927b"
    >
      <div
        className="_iconWrapper_62927b"
      >
        <div
          className="_icon_62927b"
        >
          <img
            src="/src/assets/images/dashboard-icons/builders.png"
          />
        </div>
        <div
          className="_iconLabelCreators_62927b"
        >
          Stavitelé
        </div>
      </div>
      <div
        className="_valueWrapper_62927b"
      >
        <div
          className="_valueCreators_62927b"
        >
          2
        </div>
        <div
          className="_amountChange_62927b"
        >
          1
        </div>
      </div>
    </div>
    <div
      className="_row_62927b"
    >
      <div
        className="_iconWrapper_62927b"
      >
        <div
          className="_icon_62927b"
        >
          <img
            src="/src/assets/images/dashboard-icons/bricks.png"
          />
        </div>
        <div
          className="_iconLabel_62927b"
        >
          Cihly
        </div>
      </div>
      <div
        className="_valueWrapper_62927b"
      >
        8
        <div
          className="_amountChange_62927b"
        >
          -8
        </div>
      </div>
    </div>
  </div>,
  <hr />,
  <div
    className="playerDashboard"
  >
    <div
      className="_badge_92ae0e "
    >
      Černí
    </div>
    <div
      className="_playerStats_62927b _resourceBricks_62927b"
    >
      <div
        className="_row_62927b"
      >
        <div
          className="_iconWrapper_62927b"
        >
          <div
            className="_icon_62927b"
          >
            <img
              src="/src/assets/images/dashboard-icons/builders.png"
            />
          </div>
          <div
            className="_iconLabelCreators_62927b"
          >
            Stavitelé
          </div>
        </div>
        <div
          className="_valueWrapper_62927b"
        >
          <div
            className="_valueCreators_62927b"
          >
            2
          </div>
        </div>
      </div>
      <div
        className="_row_62927b"
      >
        <div
          className="_iconWrapper_62927b"
        >
          <div
            className="_icon_62927b"
          >
            <img
              src="/src/assets/images/dashboard-icons/bricks.png"
            />
          </div>
          <div
            className="_iconLabel_62927b"
          >
            Cihly
          </div>
        </div>
        <div
          className="_valueWrapper_62927b"
        >
          10
        </div>
      </div>
    </div>
    <div
      className="_playerStats_62927b _resourceWeapons_62927b"
    >
      <div
        className="_row_62927b"
      >
        <div
          className="_iconWrapper_62927b"
        >
          <div
            className="_icon_62927b"
          >
            <img
              src="/src/assets/images/dashboard-icons/soldiers.png"
            />
          </div>
          <div
            className="_iconLabelCreators_62927b"
          >
            Vojáci
          </div>
        </div>
        <div
          className="_valueWrapper_62927b"
        >
          <div
            className="_valueCreators_62927b"
          >
            2
          </div>
        </div>
      </div>
      <div
        className="_row_62927b"
      >
        <div
          className="_iconWrapper_62927b"
        >
          <div
            className="_icon_62927b"
          >
            <img
              src="/src/assets/images/dashboard-icons/weapons.png"
            />
          </div>
          <div
            className="_iconLabel_62927b"
          >
            Zbraně
          </div>
        </div>
        <div
          className="_valueWrapper_62927b"
        >
          10
        </div>
      </div>
    </div>
    <div
      className="_playerStats_62927b _resourceCrystals_62927b"
    >
      <div
        className="_row_62927b"
      >
        <div
          className="_iconWrapper_62927b"
        >
          <div
            className="_icon_62927b"
          >
            <img
              src="/src/assets/images/dashboard-icons/mages.png"
            />
          </div>
          <div
            className="_iconLabelCreators_62927b"
          >
            Mágové
          </div>
        </div>
        <div
          className="_valueWrapper_62927b"
        >
          <div
            className="_valueCreators_62927b"
          >
            2
          </div>
        </div>
      </div>
      <div
        className="_row_62927b"
      >
        <div
          className="_iconWrapper_62927b"
        >
          <div
            className="_icon_62927b"
          >
            <img
              src="/src/assets/images/dashboard-icons/crystals.png"
            />
          </div>
          <div
            className="_iconLabel_62927b"
          >
            Krystaly
          </div>
        </div>
        <div
          className="_valueWrapper_62927b"
        >
          10
        </div>
      </div>
    </div>
    <br />
    <div
      className="_playerStats_62927b _resourceCastle_62927b"
    >
      <div
        className="_row_62927b"
      >
        <div
          className="_iconWrapper_62927b"
        >
          <div
            className="_icon_62927b"
          >
            <img
              src="/src/assets/images/dashboard-icons/castle.png"
            />
          </div>
          <div
            className="_iconLabel_62927b"
          >
            Hrad
          </div>
        </div>
        <div
          className="_valueWrapper_62927b"
        >
          30
        </div>
      </div>
      <div
        className="_row_62927b"
      >
        <div
          className="_iconWrapper_62927b"
        >
          <div
            className="_icon_62927b"
          >
            <img
              src="/src/assets/images/dashboard-icons/wall.png"
            />
          </div>
          <div
            className="_iconLabel_62927b"
          >
            Hradba
          </div>
        </div>
        <div
          className="_valueWrapper_62927b"
        >
          20
        </div>
      </div>
    </div>
  </div>,
  <hr />,
  <img
    src="/src/assets/images/dashboard-icons/bricks.png"
  />,
  <img
    src="/src/assets/images/dashboard-icons/weapons.png"
  />,
  <img
    src="/src/assets/images/dashboard-icons/crystals.png"
  />,
  <hr />,
  <div
    className="_castleWithWall_ff30f4"
  >
    <div
      className="_castle_fccd0e"
    >
      <div
        className="_castleImageWrapper_fccd0e"
      >
        <div
          className="_flagWrapper_fccd0e"
          style={
            {
              "bottom": -4,
            }
          }
        >
          <div
            className="_flagBlack_4fd5bf"
          />
        </div>
        <img
          className="_castleImage_fccd0e"
          src="/src/assets/images/castle/castle-black.png"
          style={
            {
              "bottom": -204,
            }
          }
        />
      </div>
      <div
        className="_grassImage_fccd0e"
      >
        <img
          src="/src/assets/images/castle/grass.png"
        />
      </div>
    </div>
    <div
      className="_wall_b1a72a"
    >
      <div
        className="_wallImageWrapper_b1a72a"
      >
        <img
          className="_wallImage_b1a72a"
          src="/src/assets/images/wall/wall.png"
          style={
            {
              "bottom": -204,
            }
          }
        />
      </div>
    </div>
  </div>,
  <div
    className="_castleWithWall_ff30f4"
  >
    <div
      className="_castle_fccd0e"
    >
      <div
        className="_castleImageWrapper_fccd0e"
      >
        <div
          className="_flagWrapper_fccd0e"
          style={
            {
              "bottom": 96,
            }
          }
        >
          <div
            className="_flagBlack_4fd5bf"
          />
        </div>
        <img
          className="_castleImage_fccd0e"
          src="/src/assets/images/castle/castle-black.png"
          style={
            {
              "bottom": -104,
            }
          }
        />
      </div>
      <div
        className="_grassImage_fccd0e"
      >
        <img
          src="/src/assets/images/castle/grass.png"
        />
      </div>
    </div>
    <div
      className="_wall_b1a72a"
    >
      <div
        className="_wallImageWrapper_b1a72a"
      >
        <img
          className="_wallImage_b1a72a"
          src="/src/assets/images/wall/wall.png"
          style={
            {
              "bottom": -104,
            }
          }
        />
      </div>
    </div>
  </div>,
  <div
    className="_castleWithWall_ff30f4"
  >
    <div
      className="_castle_fccd0e"
    >
      <div
        className="_castleImageWrapper_fccd0e"
      >
        <div
          className="_flagWrapper_fccd0e"
          style={
            {
              "bottom": 196,
            }
          }
        >
          <div
            className="_flagBlack_4fd5bf"
          />
        </div>
        <img
          className="_castleImage_fccd0e"
          src="/src/assets/images/castle/castle-black.png"
          style={
            {
              "bottom": -4,
            }
          }
        />
      </div>
      <div
        className="_grassImage_fccd0e"
      >
        <img
          src="/src/assets/images/castle/grass.png"
        />
      </div>
    </div>
    <div
      className="_wall_b1a72a"
    >
      <div
        className="_wallImageWrapper_b1a72a"
      >
        <img
          className="_wallImage_b1a72a"
          src="/src/assets/images/wall/wall.png"
          style={
            {
              "bottom": -4,
            }
          }
        />
      </div>
    </div>
  </div>,
  <div
    className="_castleWithWall_ff30f4"
  >
    <div
      className="_castle_fccd0e"
    >
      <div
        className="_castleImageWrapper_fccd0e"
      >
        <div
          className="_flagWrapper_fccd0e"
          style={
            {
              "bottom": 196,
            }
          }
        >
          <div
            className="_flagBlack_4fd5bf"
          />
        </div>
        <img
          className="_castleImage_fccd0e"
          src="/src/assets/images/castle/castle-black.png"
          style={
            {
              "bottom": -4,
            }
          }
        />
      </div>
      <div
        className="_grassImage_fccd0e"
      >
        <img
          src="/src/assets/images/castle/grass.png"
        />
      </div>
    </div>
    <div
      className="_wall_b1a72a"
    >
      <div
        className="_wallImageWrapper_b1a72a"
      >
        <img
          className="_wallImage_b1a72a"
          src="/src/assets/images/wall/wall.png"
          style={
            {
              "bottom": -4,
            }
          }
        />
      </div>
    </div>
  </div>,
  <div
    className="_castleWithWall_ff30f4"
  >
    <div
      className="_wall_b1a72a"
    >
      <div
        className="_wallImageWrapper_b1a72a"
      >
        <img
          className="_wallImage_b1a72a"
          src="/src/assets/images/wall/wall.png"
          style={
            {
              "bottom": -204,
            }
          }
        />
      </div>
    </div>
    <div
      className="_castle_fccd0e"
    >
      <div
        className="_castleImageWrapper_fccd0e"
      >
        <div
          className="_flagWrapper_fccd0e"
          style={
            {
              "bottom": -4,
            }
          }
        >
          <div
            className="_flagRed_4fd5bf"
          />
        </div>
        <img
          className="_castleImage_fccd0e"
          src="/src/assets/images/castle/castle-red.png"
          style={
            {
              "bottom": -204,
            }
          }
        />
      </div>
      <div
        className="_grassImage_fccd0e"
      >
        <img
          src="/src/assets/images/castle/grass.png"
        />
      </div>
    </div>
  </div>,
  <div
    className="_castleWithWall_ff30f4"
  >
    <div
      className="_wall_b1a72a"
    >
      <div
        className="_wallImageWrapper_b1a72a"
      >
        <img
          className="_wallImage_b1a72a"
          src="/src/assets/images/wall/wall.png"
          style={
            {
              "bottom": -104,
            }
          }
        />
      </div>
    </div>
    <div
      className="_castle_fccd0e"
    >
      <div
        className="_castleImageWrapper_fccd0e"
      >
        <div
          className="_flagWrapper_fccd0e"
          style={
            {
              "bottom": 96,
            }
          }
        >
          <div
            className="_flagRed_4fd5bf"
          />
        </div>
        <img
          className="_castleImage_fccd0e"
          src="/src/assets/images/castle/castle-red.png"
          style={
            {
              "bottom": -104,
            }
          }
        />
      </div>
      <div
        className="_grassImage_fccd0e"
      >
        <img
          src="/src/assets/images/castle/grass.png"
        />
      </div>
    </div>
  </div>,
  <div
    className="_castleWithWall_ff30f4"
  >
    <div
      className="_wall_b1a72a"
    >
      <div
        className="_wallImageWrapper_b1a72a"
      >
        <img
          className="_wallImage_b1a72a"
          src="/src/assets/images/wall/wall.png"
          style={
            {
              "bottom": -4,
            }
          }
        />
      </div>
    </div>
    <div
      className="_castle_fccd0e"
    >
      <div
        className="_castleImageWrapper_fccd0e"
      >
        <div
          className="_flagWrapper_fccd0e"
          style={
            {
              "bottom": 196,
            }
          }
        >
          <div
            className="_flagRed_4fd5bf"
          />
        </div>
        <img
          className="_castleImage_fccd0e"
          src="/src/assets/images/castle/castle-red.png"
          style={
            {
              "bottom": -4,
            }
          }
        />
      </div>
      <div
        className="_grassImage_fccd0e"
      >
        <img
          src="/src/assets/images/castle/grass.png"
        />
      </div>
    </div>
  </div>,
  <div
    className="_castleWithWall_ff30f4"
  >
    <div
      className="_wall_b1a72a"
    >
      <div
        className="_wallImageWrapper_b1a72a"
      >
        <img
          className="_wallImage_b1a72a"
          src="/src/assets/images/wall/wall.png"
          style={
            {
              "bottom": -4,
            }
          }
        />
      </div>
    </div>
    <div
      className="_castle_fccd0e"
    >
      <div
        className="_castleImageWrapper_fccd0e"
      >
        <div
          className="_flagWrapper_fccd0e"
          style={
            {
              "bottom": 196,
            }
          }
        >
          <div
            className="_flagRed_4fd5bf"
          />
        </div>
        <img
          className="_castleImage_fccd0e"
          src="/src/assets/images/castle/castle-red.png"
          style={
            {
              "bottom": -4,
            }
          }
        />
      </div>
      <div
        className="_grassImage_fccd0e"
      >
        <img
          src="/src/assets/images/castle/grass.png"
        />
      </div>
    </div>
  </div>,
]
`;
